// Jest Snapshot v1, https://goo.gl/fbAQLP

exports[`<NotFoundPage /> should match snapshot 1`] = `
<h2>
  Page not found.
</h2>
`;
